❌ Firebase Admin initialization failed: Failed to parse private key: Error: Unparsed DER bytes remain after ASN.1 parsing.
❌ Redis error: 
(node:13136) MaxListenersExceededWarning: Possible EventEmitter memory leak detected. 11 ready listeners added to [Commander]. MaxListeners is 10. Use emitter.setMaxListeners() to increase limit
(Use `node --trace-warnings ...` to show where the warning was created)
(node:13136) MaxListenersExceededWarning: Possible EventEmitter memory leak detected. 11 error listeners added to [Commander]. MaxListeners is 10. Use emitter.setMaxListeners() to increase limit
(node:13136) MaxListenersExceededWarning: Possible EventEmitter memory leak detected. 11 error listeners added to [Commander]. MaxListeners is 10. Use emitter.setMaxListeners() to increase limit
(node:13136) MaxListenersExceededWarning: Possible EventEmitter memory leak detected. 11 error listeners added to [Commander]. MaxListeners is 10. Use emitter.setMaxListeners() to increase limit
(node:13136) MaxListenersExceededWarning: Possible EventEmitter memory leak detected. 11 error listeners added to [Commander]. MaxListeners is 10. Use emitter.setMaxListeners() to increase limit
(node:13136) MaxListenersExceededWarning: Possible EventEmitter memory leak detected. 11 error listeners added to [Commander]. MaxListeners is 10. Use emitter.setMaxListeners() to increase limit
(node:13136) MaxListenersExceededWarning: Possible EventEmitter memory leak detected. 11 error listeners added to [Commander]. MaxListeners is 10. Use emitter.setMaxListeners() to increase limit
(node:13136) MaxListenersExceededWarning: Possible EventEmitter memory leak detected. 11 error listeners added to [Commander]. MaxListeners is 10. Use emitter.setMaxListeners() to increase limit
(node:13136) MaxListenersExceededWarning: Possible EventEmitter memory leak detected. 11 error listeners added to [Commander]. MaxListeners is 10. Use emitter.setMaxListeners() to increase limit
(node:13136) MaxListenersExceededWarning: Possible EventEmitter memory leak detected. 11 error listeners added to [Commander]. MaxListeners is 10. Use emitter.setMaxListeners() to increase limit
(node:13136) MaxListenersExceededWarning: Possible EventEmitter memory leak detected. 11 error listeners added to [Commander]. MaxListeners is 10. Use emitter.setMaxListeners() to increase limit
(node:13136) MaxListenersExceededWarning: Possible EventEmitter memory leak detected. 11 error listeners added to [Commander]. MaxListeners is 10. Use emitter.setMaxListeners() to increase limit
(node:13136) MaxListenersExceededWarning: Possible EventEmitter memory leak detected. 11 error listeners added to [Commander]. MaxListeners is 10. Use emitter.setMaxListeners() to increase limit
(node:13136) MaxListenersExceededWarning: Possible EventEmitter memory leak detected. 11 error listeners added to [Commander]. MaxListeners is 10. Use emitter.setMaxListeners() to increase limit
(node:13136) MaxListenersExceededWarning: Possible EventEmitter memory leak detected. 11 error listeners added to [Commander]. MaxListeners is 10. Use emitter.setMaxListeners() to increase limit
(node:13136) MaxListenersExceededWarning: Possible EventEmitter memory leak detected. 11 error listeners added to [Commander]. MaxListeners is 10. Use emitter.setMaxListeners() to increase limit
(node:13136) MaxListenersExceededWarning: Possible EventEmitter memory leak detected. 11 error listeners added to [Commander]. MaxListeners is 10. Use emitter.setMaxListeners() to increase limit
(node:13136) MaxListenersExceededWarning: Possible EventEmitter memory leak detected. 11 error listeners added to [Commander]. MaxListeners is 10. Use emitter.setMaxListeners() to increase limit
(node:13136) MaxListenersExceededWarning: Possible EventEmitter memory leak detected. 11 error listeners added to [Commander]. MaxListeners is 10. Use emitter.setMaxListeners() to increase limit
(node:13136) MaxListenersExceededWarning: Possible EventEmitter memory leak detected. 11 error listeners added to [Commander]. MaxListeners is 10. Use emitter.setMaxListeners() to increase limit
(node:13136) MaxListenersExceededWarning: Possible EventEmitter memory leak detected. 11 error listeners added to [Commander]. MaxListeners is 10. Use emitter.setMaxListeners() to increase limit
(node:13136) MaxListenersExceededWarning: Possible EventEmitter memory leak detected. 11 error listeners added to [Commander]. MaxListeners is 10. Use emitter.setMaxListeners() to increase limit
(node:13136) MaxListenersExceededWarning: Possible EventEmitter memory leak detected. 11 error listeners added to [Commander]. MaxListeners is 10. Use emitter.setMaxListeners() to increase limit
(node:13136) MaxListenersExceededWarning: Possible EventEmitter memory leak detected. 11 error listeners added to [Commander]. MaxListeners is 10. Use emitter.setMaxListeners() to increase limit
(node:13136) MaxListenersExceededWarning: Possible EventEmitter memory leak detected. 11 error listeners added to [Commander]. MaxListeners is 10. Use emitter.setMaxListeners() to increase limit
(node:13136) MaxListenersExceededWarning: Possible EventEmitter memory leak detected. 11 error listeners added to [Commander]. MaxListeners is 10. Use emitter.setMaxListeners() to increase limit
(node:13136) MaxListenersExceededWarning: Possible EventEmitter memory leak detected. 11 error listeners added to [Commander]. MaxListeners is 10. Use emitter.setMaxListeners() to increase limit
(node:13136) MaxListenersExceededWarning: Possible EventEmitter memory leak detected. 11 error listeners added to [Commander]. MaxListeners is 10. Use emitter.setMaxListeners() to increase limit
(node:13136) MaxListenersExceededWarning: Possible EventEmitter memory leak detected. 11 error listeners added to [Commander]. MaxListeners is 10. Use emitter.setMaxListeners() to increase limit
(node:13136) MaxListenersExceededWarning: Possible EventEmitter memory leak detected. 11 error listeners added to [Commander]. MaxListeners is 10. Use emitter.setMaxListeners() to increase limit
(node:13136) MaxListenersExceededWarning: Possible EventEmitter memory leak detected. 11 error listeners added to [Commander]. MaxListeners is 10. Use emitter.setMaxListeners() to increase limit
(node:13136) MaxListenersExceededWarning: Possible EventEmitter memory leak detected. 11 error listeners added to [Commander]. MaxListeners is 10. Use emitter.setMaxListeners() to increase limit
(node:13136) MaxListenersExceededWarning: Possible EventEmitter memory leak detected. 11 error listeners added to [Commander]. MaxListeners is 10. Use emitter.setMaxListeners() to increase limit
(node:13136) MaxListenersExceededWarning: Possible EventEmitter memory leak detected. 11 error listeners added to [Commander]. MaxListeners is 10. Use emitter.setMaxListeners() to increase limit
(node:13136) MaxListenersExceededWarning: Possible EventEmitter memory leak detected. 11 error listeners added to [Commander]. MaxListeners is 10. Use emitter.setMaxListeners() to increase limit
(node:13136) MaxListenersExceededWarning: Possible EventEmitter memory leak detected. 11 error listeners added to [Commander]. MaxListeners is 10. Use emitter.setMaxListeners() to increase limit
(node:13136) MaxListenersExceededWarning: Possible EventEmitter memory leak detected. 11 error listeners added to [Commander]. MaxListeners is 10. Use emitter.setMaxListeners() to increase limit
(node:13136) MaxListenersExceededWarning: Possible EventEmitter memory leak detected. 11 error listeners added to [Commander]. MaxListeners is 10. Use emitter.setMaxListeners() to increase limit
(node:13136) MaxListenersExceededWarning: Possible EventEmitter memory leak detected. 11 error listeners added to [Commander]. MaxListeners is 10. Use emitter.setMaxListeners() to increase limit
(node:13136) MaxListenersExceededWarning: Possible EventEmitter memory leak detected. 11 error listeners added to [Commander]. MaxListeners is 10. Use emitter.setMaxListeners() to increase limit
(node:13136) MaxListenersExceededWarning: Possible EventEmitter memory leak detected. 11 error listeners added to [Commander]. MaxListeners is 10. Use emitter.setMaxListeners() to increase limit
(node:13136) MaxListenersExceededWarning: Possible EventEmitter memory leak detected. 11 error listeners added to [Commander]. MaxListeners is 10. Use emitter.setMaxListeners() to increase limit
(node:13136) MaxListenersExceededWarning: Possible EventEmitter memory leak detected. 11 error listeners added to [Commander]. MaxListeners is 10. Use emitter.setMaxListeners() to increase limit
(node:13136) MaxListenersExceededWarning: Possible EventEmitter memory leak detected. 11 error listeners added to [Commander]. MaxListeners is 10. Use emitter.setMaxListeners() to increase limit
(node:13136) MaxListenersExceededWarning: Possible EventEmitter memory leak detected. 11 error listeners added to [Commander]. MaxListeners is 10. Use emitter.setMaxListeners() to increase limit
(node:13136) MaxListenersExceededWarning: Possible EventEmitter memory leak detected. 11 error listeners added to [Commander]. MaxListeners is 10. Use emitter.setMaxListeners() to increase limit
(node:13136) MaxListenersExceededWarning: Possible EventEmitter memory leak detected. 11 error listeners added to [Commander]. MaxListeners is 10. Use emitter.setMaxListeners() to increase limit
(node:13136) MaxListenersExceededWarning: Possible EventEmitter memory leak detected. 11 error listeners added to [Commander]. MaxListeners is 10. Use emitter.setMaxListeners() to increase limit
